source=rack-timeout id=5b148400-ec6e-4e66-b825-47036c1d1089 timeout=60000ms state=ready
source=rack-timeout id=5b148400-ec6e-4e66-b825-47036c1d1089 timeout=15000ms service=0ms state=active
source=rack-timeout id=5b148400-ec6e-4e66-b825-47036c1d1089 timeout=15000ms service=0ms state=active
Started GET "/" for 127.0.0.1 at 2025-05-13 20:34:58 -0400
source=rack-timeout id=5b148400-ec6e-4e66-b825-47036c1d1089 timeout=15000ms service=1ms state=active
  
ActiveRecord::ConnectionNotEstablished (could not translate host name "postgres" to address: nodename nor servname provided, or not known
):
  
activerecord (6.1.7) lib/active_record/connection_adapters/postgresql_adapter.rb:83:in `rescue in new_client'
activerecord (6.1.7) lib/active_record/connection_adapters/postgresql_adapter.rb:77:in `new_client'
activerecord (6.1.7) lib/active_record/connection_adapters/postgresql_adapter.rb:37:in `postgresql_connection'
activerecord (6.1.7) lib/active_record/connection_adapters/abstract/connection_pool.rb:882:in `public_send'
activerecord (6.1.7) lib/active_record/connection_adapters/abstract/connection_pool.rb:882:in `new_connection'
activerecord (6.1.7) lib/active_record/connection_adapters/abstract/connection_pool.rb:926:in `checkout_new_connection'
activerecord (6.1.7) lib/active_record/connection_adapters/abstract/connection_pool.rb:905:in `try_to_checkout_new_connection'
activerecord (6.1.7) lib/active_record/connection_adapters/abstract/connection_pool.rb:866:in `acquire_connection'
activerecord (6.1.7) lib/active_record/connection_adapters/abstract/connection_pool.rb:588:in `checkout'
activerecord (6.1.7) lib/active_record/connection_adapters/abstract/connection_pool.rb:428:in `connection'
activerecord (6.1.7) lib/active_record/connection_adapters/abstract/connection_pool.rb:1128:in `retrieve_connection'
activerecord (6.1.7) lib/active_record/connection_handling.rb:327:in `retrieve_connection'
activerecord (6.1.7) lib/active_record/connection_handling.rb:283:in `connection'
activerecord (6.1.7) lib/active_record/migration.rb:611:in `connection'
activerecord (6.1.7) lib/active_record/migration.rb:606:in `build_watcher'
activerecord (6.1.7) lib/active_record/migration.rb:588:in `block in call'
activerecord (6.1.7) lib/active_record/migration.rb:587:in `synchronize'
activerecord (6.1.7) lib/active_record/migration.rb:587:in `call'
actionpack (6.1.7) lib/action_dispatch/middleware/callbacks.rb:27:in `block in call'
activesupport (6.1.7) lib/active_support/callbacks.rb:98:in `run_callbacks'
actionpack (6.1.7) lib/action_dispatch/middleware/callbacks.rb:26:in `call'
actionpack (6.1.7) lib/action_dispatch/middleware/executor.rb:14:in `call'
actionpack (6.1.7) lib/action_dispatch/middleware/actionable_exceptions.rb:18:in `call'
actionpack (6.1.7) lib/action_dispatch/middleware/debug_exceptions.rb:29:in `call'
web-console (4.2.0) lib/web_console/middleware.rb:132:in `call_app'
web-console (4.2.0) lib/web_console/middleware.rb:28:in `block in call'
web-console (4.2.0) lib/web_console/middleware.rb:17:in `catch'
web-console (4.2.0) lib/web_console/middleware.rb:17:in `call'
actionpack (6.1.7) lib/action_dispatch/middleware/show_exceptions.rb:33:in `call'
railties (6.1.7) lib/rails/rack/logger.rb:37:in `call_app'
railties (6.1.7) lib/rails/rack/logger.rb:26:in `block in call'
activesupport (6.1.7) lib/active_support/tagged_logging.rb:99:in `block in tagged'
activesupport (6.1.7) lib/active_support/tagged_logging.rb:37:in `tagged'
activesupport (6.1.7) lib/active_support/tagged_logging.rb:99:in `tagged'
railties (6.1.7) lib/rails/rack/logger.rb:26:in `call'
sprockets-rails (3.4.2) lib/sprockets/rails/quiet_assets.rb:13:in `call'
actionpack (6.1.7) lib/action_dispatch/middleware/remote_ip.rb:81:in `call'
rack-timeout (0.6.3) lib/rack/timeout/core.rb:148:in `block in call'
rack-timeout (0.6.3) lib/rack/timeout/support/timeout.rb:19:in `timeout'
rack-timeout (0.6.3) lib/rack/timeout/core.rb:147:in `call'
actionpack (6.1.7) lib/action_dispatch/middleware/request_id.rb:26:in `call'
rack (2.2.4) lib/rack/runtime.rb:22:in `call'
rack-timeout (0.6.3) lib/rack/timeout/core.rb:148:in `block in call'
rack-timeout (0.6.3) lib/rack/timeout/support/timeout.rb:19:in `timeout'
rack-timeout (0.6.3) lib/rack/timeout/core.rb:147:in `call'
activesupport (6.1.7) lib/active_support/cache/strategy/local_cache_middleware.rb:29:in `call'
actionpack (6.1.7) lib/action_dispatch/middleware/executor.rb:14:in `call'
actionpack (6.1.7) lib/action_dispatch/middleware/static.rb:24:in `call'
rack (2.2.4) lib/rack/sendfile.rb:110:in `call'
actionpack (6.1.7) lib/action_dispatch/middleware/host_authorization.rb:148:in `call'
rack-cors (2.0.2) lib/rack/cors.rb:102:in `call'
railties (6.1.7) lib/rails/engine.rb:539:in `call'
puma (6.0.0) lib/puma/configuration.rb:268:in `call'
puma (6.0.0) lib/puma/request.rb:89:in `block in handle_request'
puma (6.0.0) lib/puma/thread_pool.rb:343:in `with_force_shutdown'
puma (6.0.0) lib/puma/request.rb:88:in `handle_request'
puma (6.0.0) lib/puma/server.rb:430:in `process_client'
puma (6.0.0) lib/puma/server.rb:233:in `block in run'
puma (6.0.0) lib/puma/thread_pool.rb:150:in `block in spawn_thread'
source=rack-timeout id=5b148400-ec6e-4e66-b825-47036c1d1089 timeout=15000ms service=270ms state=completed
source=rack-timeout id=5b148400-ec6e-4e66-b825-47036c1d1089 timeout=15000ms service=270ms state=completed
source=rack-timeout id=9e1e976c-1f1a-446a-96ee-ec59955017f7 timeout=60000ms state=ready
source=rack-timeout id=9e1e976c-1f1a-446a-96ee-ec59955017f7 timeout=60000ms service=0ms state=active
source=rack-timeout id=9e1e976c-1f1a-446a-96ee-ec59955017f7 timeout=15000ms service=0ms state=ready
source=rack-timeout id=9e1e976c-1f1a-446a-96ee-ec59955017f7 timeout=15000ms service=0ms state=active
Started GET "/apple-touch-icon-precomposed.png" for 127.0.0.1 at 2025-05-13 20:34:58 -0400
  
ActiveRecord::ConnectionNotEstablished (could not translate host name "postgres" to address: nodename nor servname provided, or not known
):
  
activerecord (6.1.7) lib/active_record/connection_adapters/postgresql_adapter.rb:83:in `rescue in new_client'
activerecord (6.1.7) lib/active_record/connection_adapters/postgresql_adapter.rb:77:in `new_client'
activerecord (6.1.7) lib/active_record/connection_adapters/postgresql_adapter.rb:37:in `postgresql_connection'
activerecord (6.1.7) lib/active_record/connection_adapters/abstract/connection_pool.rb:882:in `public_send'
activerecord (6.1.7) lib/active_record/connection_adapters/abstract/connection_pool.rb:882:in `new_connection'
activerecord (6.1.7) lib/active_record/connection_adapters/abstract/connection_pool.rb:926:in `checkout_new_connection'
activerecord (6.1.7) lib/active_record/connection_adapters/abstract/connection_pool.rb:905:in `try_to_checkout_new_connection'
activerecord (6.1.7) lib/active_record/connection_adapters/abstract/connection_pool.rb:866:in `acquire_connection'
activerecord (6.1.7) lib/active_record/connection_adapters/abstract/connection_pool.rb:588:in `checkout'
activerecord (6.1.7) lib/active_record/connection_adapters/abstract/connection_pool.rb:428:in `connection'
activerecord (6.1.7) lib/active_record/connection_adapters/abstract/connection_pool.rb:1128:in `retrieve_connection'
activerecord (6.1.7) lib/active_record/connection_handling.rb:327:in `retrieve_connection'
activerecord (6.1.7) lib/active_record/connection_handling.rb:283:in `connection'
activerecord (6.1.7) lib/active_record/migration.rb:611:in `connection'
activerecord (6.1.7) lib/active_record/migration.rb:606:in `build_watcher'
activerecord (6.1.7) lib/active_record/migration.rb:588:in `block in call'
activerecord (6.1.7) lib/active_record/migration.rb:587:in `synchronize'
activerecord (6.1.7) lib/active_record/migration.rb:587:in `call'
actionpack (6.1.7) lib/action_dispatch/middleware/callbacks.rb:27:in `block in call'
activesupport (6.1.7) lib/active_support/callbacks.rb:98:in `run_callbacks'
actionpack (6.1.7) lib/action_dispatch/middleware/callbacks.rb:26:in `call'
actionpack (6.1.7) lib/action_dispatch/middleware/executor.rb:14:in `call'
actionpack (6.1.7) lib/action_dispatch/middleware/actionable_exceptions.rb:18:in `call'
actionpack (6.1.7) lib/action_dispatch/middleware/debug_exceptions.rb:29:in `call'
web-console (4.2.0) lib/web_console/middleware.rb:132:in `call_app'
web-console (4.2.0) lib/web_console/middleware.rb:28:in `block in call'
web-console (4.2.0) lib/web_console/middleware.rb:17:in `catch'
web-console (4.2.0) lib/web_console/middleware.rb:17:in `call'
actionpack (6.1.7) lib/action_dispatch/middleware/show_exceptions.rb:33:in `call'
railties (6.1.7) lib/rails/rack/logger.rb:37:in `call_app'
railties (6.1.7) lib/rails/rack/logger.rb:26:in `block in call'
activesupport (6.1.7) lib/active_support/tagged_logging.rb:99:in `block in tagged'
activesupport (6.1.7) lib/active_support/tagged_logging.rb:37:in `tagged'
activesupport (6.1.7) lib/active_support/tagged_logging.rb:99:in `tagged'
railties (6.1.7) lib/rails/rack/logger.rb:26:in `call'
sprockets-rails (3.4.2) lib/sprockets/rails/quiet_assets.rb:13:in `call'
actionpack (6.1.7) lib/action_dispatch/middleware/remote_ip.rb:81:in `call'
rack-timeout (0.6.3) lib/rack/timeout/core.rb:148:in `block in call'
rack-timeout (0.6.3) lib/rack/timeout/support/timeout.rb:19:in `timeout'
rack-timeout (0.6.3) lib/rack/timeout/core.rb:147:in `call'
actionpack (6.1.7) lib/action_dispatch/middleware/request_id.rb:26:in `call'
rack (2.2.4) lib/rack/runtime.rb:22:in `call'
rack-timeout (0.6.3) lib/rack/timeout/core.rb:148:in `block in call'
rack-timeout (0.6.3) lib/rack/timeout/support/timeout.rb:19:in `timeout'
rack-timeout (0.6.3) lib/rack/timeout/core.rb:147:in `call'
activesupport (6.1.7) lib/active_support/cache/strategy/local_cache_middleware.rb:29:in `call'
actionpack (6.1.7) lib/action_dispatch/middleware/executor.rb:14:in `call'
actionpack (6.1.7) lib/action_dispatch/middleware/static.rb:24:in `call'
rack (2.2.4) lib/rack/sendfile.rb:110:in `call'
actionpack (6.1.7) lib/action_dispatch/middleware/host_authorization.rb:148:in `call'
rack-cors (2.0.2) lib/rack/cors.rb:102:in `call'
railties (6.1.7) lib/rails/engine.rb:539:in `call'
puma (6.0.0) lib/puma/configuration.rb:268:in `call'
puma (6.0.0) lib/puma/request.rb:89:in `block in handle_request'
puma (6.0.0) lib/puma/thread_pool.rb:343:in `with_force_shutdown'
puma (6.0.0) lib/puma/request.rb:88:in `handle_request'
puma (6.0.0) lib/puma/server.rb:430:in `process_client'
puma (6.0.0) lib/puma/server.rb:233:in `block in run'
puma (6.0.0) lib/puma/thread_pool.rb:150:in `block in spawn_thread'
source=rack-timeout id=9e1e976c-1f1a-446a-96ee-ec59955017f7 timeout=15000ms service=19ms state=completed
source=rack-timeout id=9e1e976c-1f1a-446a-96ee-ec59955017f7 timeout=15000ms service=20ms state=completed
source=rack-timeout id=82e3bff7-7ca8-4b00-9995-12b98ff41d91 timeout=60000ms state=ready
source=rack-timeout id=82e3bff7-7ca8-4b00-9995-12b98ff41d91 timeout=60000ms service=0ms state=active
source=rack-timeout id=82e3bff7-7ca8-4b00-9995-12b98ff41d91 timeout=15000ms service=0ms state=ready
source=rack-timeout id=82e3bff7-7ca8-4b00-9995-12b98ff41d91 timeout=15000ms service=0ms state=active
Started GET "/apple-touch-icon.png" for 127.0.0.1 at 2025-05-13 20:34:58 -0400
  
ActiveRecord::ConnectionNotEstablished (could not translate host name "postgres" to address: nodename nor servname provided, or not known
):
  
activerecord (6.1.7) lib/active_record/connection_adapters/postgresql_adapter.rb:83:in `rescue in new_client'
activerecord (6.1.7) lib/active_record/connection_adapters/postgresql_adapter.rb:77:in `new_client'
activerecord (6.1.7) lib/active_record/connection_adapters/postgresql_adapter.rb:37:in `postgresql_connection'
activerecord (6.1.7) lib/active_record/connection_adapters/abstract/connection_pool.rb:882:in `public_send'
activerecord (6.1.7) lib/active_record/connection_adapters/abstract/connection_pool.rb:882:in `new_connection'
activerecord (6.1.7) lib/active_record/connection_adapters/abstract/connection_pool.rb:926:in `checkout_new_connection'
activerecord (6.1.7) lib/active_record/connection_adapters/abstract/connection_pool.rb:905:in `try_to_checkout_new_connection'
activerecord (6.1.7) lib/active_record/connection_adapters/abstract/connection_pool.rb:866:in `acquire_connection'
activerecord (6.1.7) lib/active_record/connection_adapters/abstract/connection_pool.rb:588:in `checkout'
activerecord (6.1.7) lib/active_record/connection_adapters/abstract/connection_pool.rb:428:in `connection'
activerecord (6.1.7) lib/active_record/connection_adapters/abstract/connection_pool.rb:1128:in `retrieve_connection'
activerecord (6.1.7) lib/active_record/connection_handling.rb:327:in `retrieve_connection'
activerecord (6.1.7) lib/active_record/connection_handling.rb:283:in `connection'
activerecord (6.1.7) lib/active_record/migration.rb:611:in `connection'
activerecord (6.1.7) lib/active_record/migration.rb:606:in `build_watcher'
activerecord (6.1.7) lib/active_record/migration.rb:588:in `block in call'
activerecord (6.1.7) lib/active_record/migration.rb:587:in `synchronize'
activerecord (6.1.7) lib/active_record/migration.rb:587:in `call'
actionpack (6.1.7) lib/action_dispatch/middleware/callbacks.rb:27:in `block in call'
activesupport (6.1.7) lib/active_support/callbacks.rb:98:in `run_callbacks'
actionpack (6.1.7) lib/action_dispatch/middleware/callbacks.rb:26:in `call'
actionpack (6.1.7) lib/action_dispatch/middleware/executor.rb:14:in `call'
actionpack (6.1.7) lib/action_dispatch/middleware/actionable_exceptions.rb:18:in `call'
actionpack (6.1.7) lib/action_dispatch/middleware/debug_exceptions.rb:29:in `call'
web-console (4.2.0) lib/web_console/middleware.rb:132:in `call_app'
web-console (4.2.0) lib/web_console/middleware.rb:28:in `block in call'
web-console (4.2.0) lib/web_console/middleware.rb:17:in `catch'
web-console (4.2.0) lib/web_console/middleware.rb:17:in `call'
actionpack (6.1.7) lib/action_dispatch/middleware/show_exceptions.rb:33:in `call'
railties (6.1.7) lib/rails/rack/logger.rb:37:in `call_app'
railties (6.1.7) lib/rails/rack/logger.rb:26:in `block in call'
activesupport (6.1.7) lib/active_support/tagged_logging.rb:99:in `block in tagged'
activesupport (6.1.7) lib/active_support/tagged_logging.rb:37:in `tagged'
activesupport (6.1.7) lib/active_support/tagged_logging.rb:99:in `tagged'
railties (6.1.7) lib/rails/rack/logger.rb:26:in `call'
sprockets-rails (3.4.2) lib/sprockets/rails/quiet_assets.rb:13:in `call'
actionpack (6.1.7) lib/action_dispatch/middleware/remote_ip.rb:81:in `call'
rack-timeout (0.6.3) lib/rack/timeout/core.rb:148:in `block in call'
rack-timeout (0.6.3) lib/rack/timeout/support/timeout.rb:19:in `timeout'
rack-timeout (0.6.3) lib/rack/timeout/core.rb:147:in `call'
actionpack (6.1.7) lib/action_dispatch/middleware/request_id.rb:26:in `call'
rack (2.2.4) lib/rack/runtime.rb:22:in `call'
rack-timeout (0.6.3) lib/rack/timeout/core.rb:148:in `block in call'
rack-timeout (0.6.3) lib/rack/timeout/support/timeout.rb:19:in `timeout'
rack-timeout (0.6.3) lib/rack/timeout/core.rb:147:in `call'
activesupport (6.1.7) lib/active_support/cache/strategy/local_cache_middleware.rb:29:in `call'
actionpack (6.1.7) lib/action_dispatch/middleware/executor.rb:14:in `call'
actionpack (6.1.7) lib/action_dispatch/middleware/static.rb:24:in `call'
rack (2.2.4) lib/rack/sendfile.rb:110:in `call'
actionpack (6.1.7) lib/action_dispatch/middleware/host_authorization.rb:148:in `call'
rack-cors (2.0.2) lib/rack/cors.rb:102:in `call'
railties (6.1.7) lib/rails/engine.rb:539:in `call'
puma (6.0.0) lib/puma/configuration.rb:268:in `call'
puma (6.0.0) lib/puma/request.rb:89:in `block in handle_request'
puma (6.0.0) lib/puma/thread_pool.rb:343:in `with_force_shutdown'
puma (6.0.0) lib/puma/request.rb:88:in `handle_request'
puma (6.0.0) lib/puma/server.rb:430:in `process_client'
puma (6.0.0) lib/puma/server.rb:233:in `block in run'
puma (6.0.0) lib/puma/thread_pool.rb:150:in `block in spawn_thread'
source=rack-timeout id=82e3bff7-7ca8-4b00-9995-12b98ff41d91 timeout=15000ms service=22ms state=completed
source=rack-timeout id=82e3bff7-7ca8-4b00-9995-12b98ff41d91 timeout=15000ms service=22ms state=completed
